[RESULT] Computation successful! Results:
[RESULT] benefit = $2000
