[ERROR] struct name "S" already defined

First definition:
 --> test_struct/bad/bug_107.catala_en
  | 
4 | declaration structure S:
  |                       ^
  + https://github.com/CatalaLang/catala/issues/107

Second definition:
 --> test_struct/bad/bug_107.catala_en
  | 
8 | declaration structure S:
  |                       ^
  + https://github.com/CatalaLang/catala/issues/107
