[ERROR] The type S is defined using itself, which is forbidden since Catala does not provide recursive types

 --> test_struct/bad/nested.catala_en
  | 
5 |   data x content S
  |                  ^
  + Article
