[ERROR] This variable evaluated to an empty term (no rule that defined it applied in this situation)

 --> test_default/bad/empty.catala_en
  | 
6 |   context y content boolean
  |           ^
  + Article
