[ERROR] Cyclic dependency detected between scopes!
[ERROR] 
[ERROR] Cycle variable B, declared:
[ERROR]  --> test_scope/bad/cyclic_scopes.catala
[ERROR]   | 
[ERROR] 8 | new scope B:
[ERROR]   |           ^
[ERROR]   + Article 
[ERROR] 
[ERROR] Used here in the definition of another cycle variable A:
[ERROR]  --> test_scope/bad/cyclic_scopes.catala
[ERROR]   | 
[ERROR] 5 |   param b scope B
[ERROR]   |         ^
[ERROR]   + Article 
[ERROR] 
[ERROR] Cycle variable A, declared:
[ERROR]  --> test_scope/bad/cyclic_scopes.catala
[ERROR]   | 
[ERROR] 4 | new scope A:
[ERROR]   |           ^
[ERROR]   + Article 
[ERROR] 
[ERROR] Used here in the definition of another cycle variable B:
[ERROR]  --> test_scope/bad/cyclic_scopes.catala
[ERROR]   | 
[ERROR] 9 |   param a scope A
[ERROR]   |         ^
[ERROR]   + Article 
