[ERROR] This exception can refer to several definitions. Try using labels to disambiguate

Ambiguous exception
  --> test_exception/bad/ambiguous_unlabeled_exception.catala_en
   | 
10 |   definition x equals 1
   |                       
11 | 
   | 
12 |   exception
   |   ^^^^^^^^^
13 |   definition x equals 2
   |   ^^^^^^^^^^^^^^^^^^^^^^
   + Test

Candidate definition
  --> test_exception/bad/ambiguous_unlabeled_exception.catala_en
   | 
10 |   definition x equals 1
   |              ^
   + Test

Candidate definition
 --> test_exception/bad/ambiguous_unlabeled_exception.catala_en
  | 
8 |   definition x equals 0
  |              ^
  + Test
