[ERROR] Unknown label for variable x: "base_y"

  --> test_exception/bad/dangling_exception.catala_en
   | 
12 |   exception base_y
   |             ^^^^^^
   + Test
