[ERROR] Cyclic dependency detected between exceptions!

Cycle exception exception_exception_x, declared:
  --> test_exception/bad/exceptions_cycle.catala_en
   | 
16 |   label exception_exception_x
   |         ^^^^^^^^^^^^^^^^^^^^^
   + Test

Used here in the definition of another cycle exception exception_x:
  --> test_exception/bad/exceptions_cycle.catala_en
   | 
17 |   exception exception_x
   |             ^^^^^^^^^^^
   + Test

Cycle exception exception_x, declared:
  --> test_exception/bad/exceptions_cycle.catala_en
   | 
12 |   label exception_x
   |         ^^^^^^^^^^^
   + Test

Used here in the definition of another cycle exception base_x:
  --> test_exception/bad/exceptions_cycle.catala_en
   | 
13 |   exception base_x
   |             ^^^^^^
   + Test

Cycle exception base_x, declared:
 --> test_exception/bad/exceptions_cycle.catala_en
  | 
8 |   label base_x
  |         ^^^^^^
  + Test

Used here in the definition of another cycle exception exception_exception_x:
 --> test_exception/bad/exceptions_cycle.catala_en
  | 
9 |   exception exception_exception_x
  |             ^^^^^^^^^^^^^^^^^^^^^
  + Test
